// Jest Snapshot v1, https://goo.gl/fbAQLP

exports[`kosko generate --dev 1`] = `
"---
metadata:
  annotations:
    field.cattle.io/creatorId: gitlab
    field.cattle.io/projectId: ''
    git/branch: master
    git/remote: >-
      https://gitlab-ci-token:[MASKED]@gitlab.factory.social.gouv.fr/SocialGouv/standup.git
    app.gitlab.com/app: socialgouv-standup
    app.gitlab.com/env: master-dev2
    app.gitlab.com/env.name: master-dev2
  labels:
    azure-pg-admin-user: standup
    application: master-dev2-standup
    owner: standup
    team: standup
    cert: wildcard
  name: standup-85-master-dev2
apiVersion: v1
kind: Namespace
---
metadata:
  annotations:
    app.gitlab.com/app: socialgouv-standup
    app.gitlab.com/env: master-dev2
    app.gitlab.com/env.name: master-dev2
  labels:
    app: app
    application: master-dev2-standup
    owner: standup
    team: standup
    cert: wildcard
  name: app
  namespace: standup-85-master-dev2
spec:
  replicas: 1
  selector:
    matchLabels:
      app: app
  template:
    metadata:
      annotations:
        app.gitlab.com/app: socialgouv-standup
        app.gitlab.com/env: master-dev2
        app.gitlab.com/env.name: master-dev2
      labels:
        app: app
        application: master-dev2-standup
        owner: standup
        team: standup
        cert: wildcard
    spec:
      containers:
        - image: >-
            registry.gitlab.factory.social.gouv.fr/socialgouv/standup/app:0123456789abcdefghijklmnopqrstuvwxyz0123
          livenessProbe:
            failureThreshold: 6
            httpGet:
              path: /healthz
              port: http
            initialDelaySeconds: 30
            periodSeconds: 5
            timeoutSeconds: 5
          name: app
          ports:
            - containerPort: 3000
              name: http
          readinessProbe:
            failureThreshold: 15
            httpGet:
              path: /healthz
              port: http
            initialDelaySeconds: 0
            periodSeconds: 5
            successThreshold: 1
            timeoutSeconds: 1
          resources:
            limits:
              cpu: 200m
              memory: 256Mi
            requests:
              cpu: 50m
              memory: 128Mi
          startupProbe:
            failureThreshold: 12
            httpGet:
              path: /healthz
              port: http
            periodSeconds: 5
          envFrom:
            - secretRef:
                name: app-sealed-secret
            - configMapRef:
                name: app-configmap
apiVersion: apps/v1
kind: Deployment
---
apiVersion: bitnami.com/v1alpha1
kind: SealedSecret
metadata:
  annotations:
    sealedsecrets.bitnami.com/cluster-wide: 'true'
    app.gitlab.com/app: socialgouv-standup
    app.gitlab.com/env: master-dev2
    app.gitlab.com/env.name: master-dev2
  name: app-sealed-secret
  namespace: standup-85-master-dev2
  labels:
    application: master-dev2-standup
    owner: standup
    team: standup
    cert: wildcard
spec:
  encryptedData:
    SENTRY_DSN: >-
      AgCs2D17U6b9HL5Gso/ohT9OSGiq8hAIY/zNMUEx8JX8Ow9NBsIwBT2Ck72F7oUvbXheuHAXV2eudDkGwo5WLrPpmDdLb6Qi6UnI/pQVWr4HhGesCsbI/w7KEXEoJvpaVZYXuk8zG+UHfdnoj+aSfld6tYG6FkhnIpnsJkc3129uMaIEFXwsZsOr1WF37VSBVWL1rnXpf3xEh1A3+4vZ8AnrWX0FMbXc1FwFtCU07WXao0YpIrfrj/8UoVE4d3YbNE6aGm2IWlWxonC+Jm+ba9CYsTXayO5M6WoVgQ5+wyUtrZfTVo0Y9gpDyAfFHyILBoT9d0L0RiQ+jZTyjkCTYm+0LDXl5YgJDiw+Rz+aOQgUI6VUd8pCZWOLNCEt0AE4p8HCoGAa36Cq1FFpyGrgc40veO9ImES0NFGU9MgUIMc6FLJ1buYc6otPqSKb9KwjJSCuzwxp9i5hFt1pA2OO+oqPSQn/Nn4/lsXD9JaSEkRkTL/t52/Tkzx8TuRX8DMqVtxXrGIRbosgh8WmGiyA0fayuY/qdnkCt4I2+MmIV8C79adNMpRbP6qcTIdBRW7Kyu/xxQSpHBboPVKYr3Glyrw0U3EwBIH4oGxL7/QN1uYBuWnPqTT3lD7rHt9J7Ec6wadIcaa56gAsWc1rIn50VAWNLcRZ3NJeqgR8uMvj5UM/nCyDEhgXuvD/cETHtafKWRBPwLC7uKGaIk/3/K+IKRc5f4rp4nrHdpqjAugFBWS/BSHrxGb7gMBq0KRna/oc4x44vz00Mz4u7nafLiQShvIuatmwqPo8PPKatA==
  template:
    metadata:
      annotations:
        sealedsecrets.bitnami.com/cluster-wide: 'true'
        app.gitlab.com/app: socialgouv-standup
        app.gitlab.com/env: master-dev2
        app.gitlab.com/env.name: master-dev2
      name: app-sealed-secret
      labels:
        application: master-dev2-standup
        owner: standup
        team: standup
        cert: wildcard
    type: Opaque
---
metadata:
  name: app-configmap
  annotations:
    app.gitlab.com/app: socialgouv-standup
    app.gitlab.com/env: master-dev2
    app.gitlab.com/env.name: master-dev2
  labels:
    application: master-dev2-standup
    owner: standup
    team: standup
    cert: wildcard
  namespace: standup-85-master-dev2
data:
  NODE_ENV: production
  PORT: '3000'
  POSTGRES_SSL: 'true'
  GITHUB_ORGANIZATION: SocialGouv
  HASURA_URL: 'https://hasura-master-dev2-carnets.dev2.fabrique.social.gouv.fr/v1/graphql'
  MATOMO_SITE_ID: '30'
  MATOMO_URL: 'https://matomo.fabrique.social.gouv.fr/'
apiVersion: v1
kind: ConfigMap
---
metadata:
  labels:
    app: app
    application: master-dev2-standup
    owner: standup
    team: standup
    cert: wildcard
  name: app
  annotations:
    app.gitlab.com/app: socialgouv-standup
    app.gitlab.com/env: master-dev2
    app.gitlab.com/env.name: master-dev2
  namespace: standup-85-master-dev2
spec:
  ports:
    - name: http
      port: 80
      targetPort: 3000
  selector:
    app: app
  type: ClusterIP
apiVersion: v1
kind: Service
---
metadata:
  annotations:
    kubernetes.io/ingress.class: nginx
    app.gitlab.com/app: socialgouv-standup
    app.gitlab.com/env: master-dev2
    app.gitlab.com/env.name: master-dev2
  labels:
    app: app
    application: master-dev2-standup
    owner: standup
    team: standup
    cert: wildcard
  name: app
  namespace: standup-85-master-dev2
spec:
  rules:
    - host: master-dev2-standup.dev2.fabrique.social.gouv.fr
      http:
        paths:
          - backend:
              serviceName: app
              servicePort: 80
            path: /
  tls:
    - hosts:
        - master-dev2-standup.dev2.fabrique.social.gouv.fr
      secretName: wildcard-crt
apiVersion: extensions/v1beta1
kind: Ingress
"
`;
