// Jest Snapshot v1, https://goo.gl/fbAQLP

exports[`kosko generate --preprod 1`] = `
"---
metadata:
  annotations:
    field.cattle.io/creatorId: gitlab
    field.cattle.io/projectId: ''
    git/branch: v1.2.3
    git/remote: >-
      https://gitlab-ci-token:[MASKED]@gitlab.factory.social.gouv.fr/SocialGouv/standup.git
    app.gitlab.com/app: socialgouv-standup
    app.gitlab.com/env: preprod-dev2
    app.gitlab.com/env.name: preprod-dev2
  labels:
    azure-pg-admin-user: standup
    application: v1-2-3-standup
    owner: standup
    team: standup
    cert: wildcard
  name: standup-85-preprod-dev2
apiVersion: v1
kind: Namespace
---
metadata:
  annotations:
    app.gitlab.com/app: socialgouv-standup
    app.gitlab.com/env: preprod-dev2
    app.gitlab.com/env.name: preprod-dev2
  labels:
    app: app
    application: v1-2-3-standup
    owner: standup
    team: standup
    cert: wildcard
  name: app
  namespace: standup-85-preprod-dev2
spec:
  replicas: 1
  selector:
    matchLabels:
      app: app
  template:
    metadata:
      annotations:
        app.gitlab.com/app: socialgouv-standup
        app.gitlab.com/env: preprod-dev2
        app.gitlab.com/env.name: preprod-dev2
      labels:
        app: app
        application: v1-2-3-standup
        owner: standup
        team: standup
        cert: wildcard
    spec:
      containers:
        - image: 'registry.gitlab.factory.social.gouv.fr/socialgouv/standup/app:1.2.3'
          livenessProbe:
            failureThreshold: 6
            httpGet:
              path: /healthz
              port: http
            initialDelaySeconds: 30
            periodSeconds: 5
            timeoutSeconds: 5
          name: app
          ports:
            - containerPort: 3000
              name: http
          readinessProbe:
            failureThreshold: 15
            httpGet:
              path: /healthz
              port: http
            initialDelaySeconds: 0
            periodSeconds: 5
            successThreshold: 1
            timeoutSeconds: 1
          resources:
            limits:
              cpu: 200m
              memory: 256Mi
            requests:
              cpu: 50m
              memory: 128Mi
          startupProbe:
            failureThreshold: 12
            httpGet:
              path: /healthz
              port: http
            periodSeconds: 5
          envFrom:
            - secretRef:
                name: app-sealed-secret
            - configMapRef:
                name: app-configmap
apiVersion: apps/v1
kind: Deployment
---
apiVersion: bitnami.com/v1alpha1
kind: SealedSecret
metadata:
  annotations:
    sealedsecrets.bitnami.com/cluster-wide: 'true'
    app.gitlab.com/app: socialgouv-standup
    app.gitlab.com/env: preprod-dev2
    app.gitlab.com/env.name: preprod-dev2
  name: app-sealed-secret
  namespace: standup-85-preprod-dev2
  labels:
    application: v1-2-3-standup
    owner: standup
    team: standup
    cert: wildcard
spec:
  encryptedData:
    SENTRY_DSN: >-
      AgBeJgVzKVwbsPnbBLJj0e6Lgf7c7icsNmzFixMlrjKVIhrWYsZXLEw9SSyOmX7HsyavogKbJicl0uGipyBW1JcWb3DXrqxDKEZh8IgR1FMRq7dRYyE/n2yK6oTBYypjmfvBS+MML9tENEPE+5nbcXwM8DbYqjKwtYzsaCMhgXEvxxsuZcl9ckTCK3QHMfea955YGMliDfk2Zw2Sl/VrqkZW/YQcYXXoE44FZwM3eorVqHrq/+PE96AyW1sJdAm8l/jHUgp2G+WQ+ZkwtfSL3yjbY0cErWGTko4vpg4uvsTm6ITi26yGz4MbmwGRSEb7hYyCK8QV4YGpKyQm+NBVbWGMYtWniKsrOLEg2tpZ3GGEZMjdo6QPgstSloaKwET68WWNbXQqcrmR6y/QtDywXhRTNocoHEG5Koa4Af4iGYZbqfyRC1kEm7sWqxbgEH9VwcMx8vDga7L2Br28SObWQPX53knW6HTf/Mqcw6A+rbnvnt+/p542dDMqx8AC5mtSp3ZWVFKAuOuPQIrbpcFTUhUGkXUVRGcKQDy6eHS2Wf0iMrDv69a9koCSsinfg4qelZ8bC44k2aJ/ETfOjpab9Mop6y5GSxqIh907L1eGAnuqly4R6bjxxwLhULzkGdgGiGDqIwVU1mB+saYHDjHxKbNU6Ws6BQPwuxOY9brEJql0XGMmPzoGXVpe5lsQH0LrJhKIfAqlUxPS8xL23UEpkNpOefvlKBXGe3enXDwPX6lSLUwrT0TYRR5PMROohZ3C2c8V1GOQKWVSrCnmpP+X4BnwKF5SnlpGcl/BrQ==
  template:
    metadata:
      annotations:
        sealedsecrets.bitnami.com/cluster-wide: 'true'
        app.gitlab.com/app: socialgouv-standup
        app.gitlab.com/env: preprod-dev2
        app.gitlab.com/env.name: preprod-dev2
      name: app-sealed-secret
      labels:
        application: v1-2-3-standup
        owner: standup
        team: standup
        cert: wildcard
    type: Opaque
---
metadata:
  name: app-configmap
  annotations:
    app.gitlab.com/app: socialgouv-standup
    app.gitlab.com/env: preprod-dev2
    app.gitlab.com/env.name: preprod-dev2
  labels:
    application: v1-2-3-standup
    owner: standup
    team: standup
    cert: wildcard
  namespace: standup-85-preprod-dev2
data:
  NODE_ENV: production
  PORT: '3000'
  POSTGRES_SSL: 'true'
  GITHUB_ORGANIZATION: SocialGouv
  HASURA_URL: 'https://hasura-master-dev2-carnets.dev2.fabrique.social.gouv.fr/v1/graphql'
  MATOMO_SITE_ID: '30'
  MATOMO_URL: 'https://matomo.fabrique.social.gouv.fr/'
apiVersion: v1
kind: ConfigMap
---
metadata:
  labels:
    app: app
    application: v1-2-3-standup
    owner: standup
    team: standup
    cert: wildcard
  name: app
  annotations:
    app.gitlab.com/app: socialgouv-standup
    app.gitlab.com/env: preprod-dev2
    app.gitlab.com/env.name: preprod-dev2
  namespace: standup-85-preprod-dev2
spec:
  ports:
    - name: http
      port: 80
      targetPort: 3000
  selector:
    app: app
  type: ClusterIP
apiVersion: v1
kind: Service
---
metadata:
  annotations:
    kubernetes.io/ingress.class: nginx
    app.gitlab.com/app: socialgouv-standup
    app.gitlab.com/env: preprod-dev2
    app.gitlab.com/env.name: preprod-dev2
  labels:
    app: app
    application: v1-2-3-standup
    owner: standup
    team: standup
    cert: wildcard
  name: app
  namespace: standup-85-preprod-dev2
spec:
  rules:
    - host: preprod-standup.dev2.fabrique.social.gouv.fr
      http:
        paths:
          - backend:
              serviceName: app
              servicePort: 80
            path: /
  tls:
    - hosts:
        - preprod-standup.dev2.fabrique.social.gouv.fr
      secretName: wildcard-crt
apiVersion: extensions/v1beta1
kind: Ingress
"
`;
